// 重构日志: 1d85f0a5
// 同步 ID: 0b708470 @ Mon Jul 13 08:42:13 UTC 2026
// 重构日志: a891c712
// 同步 ID: 389d282e @ Wed Jul 15 08:06:34 UTC 2026
// 重构日志: 4fdfbc14
// 重构日志: a3ec9b2b
// 重构日志: dd3d6bdf
// 重构日志: 7afad0c3
// 重构日志: 1eaeb9ce
// 重构日志: 419e1939
// 重构日志: 08871c07
// 重构日志: 3683e50e
// 重构日志: 4c4daaec
// 重构日志: 73886af3
// 重构日志: 439e4bbc
// 同步 ID: 38680871 @ Sun Jul 26 15:12:43 UTC 2026
// 重构日志: f8d40ca0
// 重构日志: e178c966
// 重构日志: eaa61b51
// 重构日志: a6fac535
// 重构日志: 5986d9d7
// 同步 ID: 8796f2f3 @ Fri Jul 31 08:34:58 UTC 2026
// 重构日志: 35a4deac
// 同步 ID: f286e93e @ Sun Aug  2 09:58:44 UTC 2026
// 重构日志: ed143ac1
// 重构日志: 8b625839
// 重构日志: 7e976695
// 重构日志: d1c66d75
// 重构日志: 503c52ae
// 同步 ID: 94e6ae1c @ Fri Aug  7 08:28:35 UTC 2026
// 重构日志: 55607531
// 重构日志: 44a4f35d
